[backblue.gif]
[fade.gif]
[index.html]
[www.armaanfarshori.xyz/js/modernizr.js]
[www.armaanfarshori.xyz/abc.png]
[www.armaanfarshori.xyz/images/profilepic.jpg]
[www.armaanfarshori.xyz/cv/armaancv.pdf]
[www.armaanfarshori.xyz/images/portfolio/coffee.jpg]
[www.armaanfarshori.xyz/images/portfolio/amity.jpg]
[www.armaanfarshori.xyz/images/portfolio/jax.jpg]
[www.armaanfarshori.xyz/images/portfolio/modals/m-coffee.jpg]
[www.armaanfarshori.xyz/images/portfolio/modals/amity-modal.jpg]
[www.armaanfarshori.xyz/images/portfolio/modals/jax-modal.jpg]
[platform.linkedin.com/badges/js/profile.js]
[ajax.googleapis.com/ajax/libs/jquery/1.10.2/jquery.min.js]
[www.armaanfarshori.xyz/js/jquery-1.10.2.min.js]
[www.armaanfarshori.xyz/js/jquery-migrate-1.2.1.min.js]
[www.armaanfarshori.xyz/js/jquery.flexslider.js]
[www.armaanfarshori.xyz/js/waypoints.js]
[www.armaanfarshori.xyz/js/jquery.fittext.js]
[www.armaanfarshori.xyz/js/magnific-popup.js]
[www.armaanfarshori.xyz/js/init.js]
[www.armaanfarshori.xyz/js/switcher.js]
[www.armaanfarshori.xyz/index.html]
[connect.facebook.net/en_US/sdk.js]
[www.armaanfarshori.xyz/css/default.css]
[www.armaanfarshori.xyz/images/header-background.jpg]
[www.armaanfarshori.xyz/images/overlay-bg.png]
[www.armaanfarshori.xyz/images/testimonials-bg.jpg]
[www.armaanfarshori.xyz/css/layout.css]
[www.armaanfarshori.xyz/css/media-queries.css]
[www.armaanfarshori.xyz/css/magnific-popup.css]
[www.armaanfarshori.xyz/images/loader.html]
[connect.facebook.net/en_US/sdk.js]
[www.armaanfarshori.xyz/css/fonts/opensans/OpenSans-Regular-webfont.eot]
[www.armaanfarshori.xyz/css/fonts/opensans/OpenSans-Regular-webfont.woff]
[www.armaanfarshori.xyz/css/fonts/opensans/OpenSans-Regular-webfontd41d.eot]
[www.armaanfarshori.xyz/css/fonts/opensans/OpenSans-Regular-webfont.ttf]
[www.armaanfarshori.xyz/css/fonts/opensans/OpenSans-Italic-webfont.eot]
[www.armaanfarshori.xyz/css/fonts/opensans/OpenSans-Italic-webfont.woff]
[www.armaanfarshori.xyz/css/fonts/opensans/OpenSans-Italic-webfontd41d.eot]
[www.armaanfarshori.xyz/css/fonts/opensans/OpenSans-Italic-webfont.ttf]
[www.armaanfarshori.xyz/css/fonts/opensans/OpenSans-Light-webfont.eot]
[www.armaanfarshori.xyz/css/fonts/opensans/OpenSans-Light-webfontd41d.eot]
[www.armaanfarshori.xyz/css/fonts/opensans/OpenSans-Light-webfont.woff]
[www.armaanfarshori.xyz/css/fonts/opensans/OpenSans-Light-webfont.ttf]
[www.armaanfarshori.xyz/css/fonts/opensans/OpenSans-LightItalic-webfont.eot]
[www.armaanfarshori.xyz/css/fonts/opensans/OpenSans-LightItalic-webfont.woff]
[www.armaanfarshori.xyz/css/fonts/opensans/OpenSans-LightItalic-webfontd41d.eot]
[www.armaanfarshori.xyz/css/fonts/opensans/OpenSans-LightItalic-webfont.ttf]
[www.armaanfarshori.xyz/css/fonts/opensans/OpenSans-Semibold-webfont.eot]
[www.armaanfarshori.xyz/css/fonts/opensans/OpenSans-Semibold-webfontd41d.eot]
[www.armaanfarshori.xyz/css/fonts/opensans/OpenSans-Semibold-webfont.woff]
[www.armaanfarshori.xyz/css/fonts/opensans/OpenSans-Semibold-webfont.ttf]
[www.armaanfarshori.xyz/css/fonts/opensans/OpenSans-SemiboldItalic-webfont.eot]
[www.armaanfarshori.xyz/css/fonts/opensans/OpenSans-SemiboldItalic-webfontd41d.eot]
[www.armaanfarshori.xyz/css/fonts/opensans/OpenSans-SemiboldItalic-webfont.woff]
[www.armaanfarshori.xyz/css/fonts/opensans/OpenSans-SemiboldItalic-webfont.ttf]
[www.armaanfarshori.xyz/css/fonts/opensans/OpenSans-Bold-webfont.eot]
[www.armaanfarshori.xyz/css/fonts/opensans/OpenSans-Bold-webfontd41d.eot]
[www.armaanfarshori.xyz/css/fonts/opensans/OpenSans-Bold-webfont.woff]
[www.armaanfarshori.xyz/css/fonts/opensans/OpenSans-Bold-webfont.ttf]
[www.armaanfarshori.xyz/css/fonts/opensans/OpenSans-BoldItalic-webfont.eot]
[www.armaanfarshori.xyz/css/fonts/opensans/OpenSans-BoldItalic-webfont.woff]
[www.armaanfarshori.xyz/css/fonts/opensans/OpenSans-BoldItalic-webfontd41d.eot]
[www.armaanfarshori.xyz/css/fonts/opensans/OpenSans-BoldItalic-webfont.ttf]
[www.armaanfarshori.xyz/css/fonts/opensans/OpenSans-ExtraBold-webfont.eot]
[www.armaanfarshori.xyz/css/fonts/opensans/OpenSans-ExtraBold-webfontd41d.eot]
[www.armaanfarshori.xyz/css/fonts/opensans/OpenSans-ExtraBold-webfont.woff]
[www.armaanfarshori.xyz/css/fonts/opensans/OpenSans-ExtraBold-webfont.ttf]
[www.armaanfarshori.xyz/css/fonts/opensans/OpenSans-ExtraBoldItalic-webfont.eot]
[www.armaanfarshori.xyz/css/fonts/opensans/OpenSans-ExtraBoldItalic-webfont.woff]
[www.armaanfarshori.xyz/css/fonts/opensans/OpenSans-ExtraBoldItalic-webfont.ttf]
[www.armaanfarshori.xyz/css/fonts/opensans/OpenSans-ExtraBoldItalic-webfontd41d.eot]
[www.armaanfarshori.xyz/css/fonts/librebaskerville/librebaskerville-bold-webfont.eot]
[www.armaanfarshori.xyz/css/fonts/librebaskerville/librebaskerville-bold-webfont.woff]
[www.armaanfarshori.xyz/css/fonts/librebaskerville/librebaskerville-bold-webfontd41d.eot]
[www.armaanfarshori.xyz/css/fonts/librebaskerville/librebaskerville-bold-webfont.ttf]
[www.armaanfarshori.xyz/css/fonts/librebaskerville/librebaskerville-italic-webfont.eot]
[www.armaanfarshori.xyz/css/fonts/librebaskerville/librebaskerville-italic-webfont.woff]
[www.armaanfarshori.xyz/css/fonts/librebaskerville/librebaskerville-italic-webfontd41d.eot]
[www.armaanfarshori.xyz/css/fonts/librebaskerville/librebaskerville-italic-webfont.ttf]
[www.armaanfarshori.xyz/css/fonts/librebaskerville/librebaskerville-regular-webfont.eot]
[www.armaanfarshori.xyz/css/fonts/librebaskerville/librebaskerville-regular-webfontd41d.eot]
[www.armaanfarshori.xyz/css/fonts/librebaskerville/librebaskerville-regular-webfont.woff]
[www.armaanfarshori.xyz/css/fonts/librebaskerville/librebaskerville-regular-webfont.ttf]
[www.armaanfarshori.xyz/css/fonts.css]
[www.armaanfarshori.xyz/css/fontello/font/fontelloae88.eot]
[www.armaanfarshori.xyz/css/fontello/font/fontelloae88.woff]
[www.armaanfarshori.xyz/css/fontello/font/fontelloae88.ttf]
[www.armaanfarshori.xyz/css/fontello/css/fontello.css]
[www.armaanfarshori.xyz/css/font-awesome/fonts/fontawesome-webfontba72.eot]
[www.armaanfarshori.xyz/css/font-awesome/fonts/fontawesome-webfontd41d.eot]
[www.armaanfarshori.xyz/css/font-awesome/fonts/fontawesome-webfontba72.woff]
[www.armaanfarshori.xyz/css/font-awesome/fonts/fontawesome-webfontba72.ttf]
[www.armaanfarshori.xyz/css/font-awesome/css/font-awesome.min.css]
[www.armaanfarshori.xyz/ABCDEFGHIJKLMNOPQRSTUVWXYZabcdefghijklmnopqrstuvwxyz0123456789+/index.html]
[www.armaanfarshori.xyz/^([^_/indexd41d.html]
[www.armaanfarshori.xyz/restserver.html]
[www.armaanfarshori.xyz/css/fonts/opensans/OpenSans-Regular-webfont.svg]
[www.armaanfarshori.xyz/css/fonts/opensans/OpenSans-Italic-webfont.svg]
[www.armaanfarshori.xyz/css/fonts/opensans/OpenSans-Light-webfont.svg]
[www.armaanfarshori.xyz/css/fonts/opensans/OpenSans-LightItalic-webfont.svg]
[www.armaanfarshori.xyz/css/fonts/opensans/OpenSans-Semibold-webfont.svg]
[www.armaanfarshori.xyz/css/fonts/opensans/OpenSans-SemiboldItalic-webfont.svg]
[www.armaanfarshori.xyz/css/fonts/opensans/OpenSans-Bold-webfont.svg]
[www.armaanfarshori.xyz/css/fonts/opensans/OpenSans-BoldItalic-webfont.svg]
[www.armaanfarshori.xyz/css/fonts/opensans/OpenSans-ExtraBold-webfont.svg]
[www.armaanfarshori.xyz/css/fonts/opensans/OpenSans-ExtraBoldItalic-webfont.svg]
[www.armaanfarshori.xyz/css/fonts/librebaskerville/librebaskerville-bold-webfont.svg]
[www.armaanfarshori.xyz/css/fonts/librebaskerville/librebaskerville-italic-webfont.svg]
[www.armaanfarshori.xyz/css/fonts/librebaskerville/librebaskerville-regular-webfont.svg]
[www.armaanfarshori.xyz/css/fontello/font/fontelloae88.svg]
[www.armaanfarshori.xyz/css/font-awesome/fonts/fontawesome-webfontba72.svg]
